\BOOKMARK [1][-]{section.1}{\376\377\000E\000x\000e\000c\000u\000t\000i\000v\000e\000\040\000S\000u\000m\000m\000a\000r\000y}{}% 1
\BOOKMARK [2][-]{subsection.1.1}{\376\377\000P\000r\000o\000g\000r\000a\000m\000\040\000o\000b\000j\000e\000c\000t\000i\000v\000e}{section.1}% 2
\BOOKMARK [2][-]{subsection.1.2}{\376\377\000P\000r\000i\000m\000a\000r\000y\000\040\000d\000e\000l\000i\000v\000e\000r\000a\000b\000l\000e\000s}{section.1}% 3
\BOOKMARK [2][-]{subsection.1.3}{\376\377\000E\000x\000p\000e\000c\000t\000e\000d\000\040\000c\000o\000n\000t\000r\000i\000b\000u\000t\000i\000o\000n}{section.1}% 4
\BOOKMARK [2][-]{subsection.1.4}{\376\377\000C\000u\000r\000r\000e\000n\000t\000\040\000r\000e\000s\000e\000a\000r\000c\000h\000\040\000p\000o\000s\000i\000t\000i\000o\000n}{section.1}% 5
\BOOKMARK [1][-]{section.2}{\376\377\000R\000e\000s\000e\000a\000r\000c\000h\000\040\000T\000e\000a\000m\000,\000\040\000L\000e\000a\000d\000e\000r\000s\000h\000i\000p\000,\000\040\000A\000u\000t\000h\000o\000r\000s\000h\000i\000p\000,\000\040\000a\000n\000d\000\040\000P\000r\000o\000v\000e\000n\000a\000n\000c\000e}{}% 6
\BOOKMARK [2][-]{subsection.2.1}{\376\377\000R\000e\000s\000e\000a\000r\000c\000h\000\040\000t\000e\000a\000m\000\040\000a\000n\000d\000\040\000r\000o\000l\000e\000s}{section.2}% 7
\BOOKMARK [2][-]{subsection.2.2}{\376\377\000R\000e\000s\000e\000a\000r\000c\000h\000\040\000l\000e\000a\000d\000e\000r\000s\000h\000i\000p\000\040\000m\000o\000d\000e\000l}{section.2}% 8
\BOOKMARK [2][-]{subsection.2.3}{\376\377\000R\000e\000s\000e\000a\000r\000c\000h\000\040\000i\000d\000e\000n\000t\000i\000t\000y\000\040\000a\000n\000d\000\040\000p\000e\000r\000s\000i\000s\000t\000e\000n\000t\000\040\000i\000d\000e\000n\000t\000i\000f\000i\000e\000r\000s}{section.2}% 9
\BOOKMARK [2][-]{subsection.2.4}{\376\377\000A\000u\000t\000h\000o\000r\000s\000h\000i\000p\000\040\000a\000n\000d\000\040\000c\000o\000n\000t\000r\000i\000b\000u\000t\000o\000r\000\040\000p\000o\000l\000i\000c\000y}{section.2}% 10
\BOOKMARK [2][-]{subsection.2.5}{\376\377\000C\000R\000e\000d\000i\000T\000\040\000c\000o\000n\000t\000r\000i\000b\000u\000t\000i\000o\000n\000\040\000t\000r\000a\000c\000k\000i\000n\000g}{section.2}% 11
\BOOKMARK [2][-]{subsection.2.6}{\376\377\000R\000e\000s\000e\000a\000r\000c\000h\000\040\000p\000r\000o\000v\000e\000n\000a\000n\000c\000e\000\040\000a\000n\000d\000\040\000p\000r\000o\000j\000e\000c\000t\000\040\000o\000r\000i\000g\000i\000n}{section.2}% 12
\BOOKMARK [2][-]{subsection.2.7}{\376\377\000E\000x\000t\000e\000r\000n\000a\000l\000\040\000c\000o\000l\000l\000a\000b\000o\000r\000a\000t\000o\000r\000s\000,\000\040\000s\000u\000p\000e\000r\000v\000i\000s\000o\000r\000s\000,\000\040\000a\000n\000d\000\040\000i\000n\000s\000t\000i\000t\000u\000t\000i\000o\000n\000a\000l\000\040\000p\000a\000r\000t\000n\000e\000r\000s}{section.2}% 13
\BOOKMARK [2][-]{subsection.2.8}{\376\377\000A\000I\000-\000a\000s\000s\000i\000s\000t\000e\000d\000\040\000r\000e\000s\000e\000a\000r\000c\000h\000\040\000a\000n\000d\000\040\000d\000i\000s\000c\000l\000o\000s\000u\000r\000e\000\040\000p\000o\000l\000i\000c\000y}{section.2}% 14
\BOOKMARK [1][-]{section.3}{\376\377\000B\000a\000c\000k\000g\000r\000o\000u\000n\000d\000\040\000a\000n\000d\000\040\000R\000e\000s\000e\000a\000r\000c\000h\000\040\000C\000o\000n\000t\000e\000x\000t}{}% 15
\BOOKMARK [2][-]{subsection.3.1}{\376\377\000C\000l\000i\000n\000i\000c\000a\000l\000\040\000a\000n\000d\000\040\000s\000c\000i\000e\000n\000t\000i\000f\000i\000c\000\040\000c\000o\000n\000t\000e\000x\000t}{section.3}% 16
\BOOKMARK [2][-]{subsection.3.2}{\376\377\000P\000r\000o\000b\000l\000e\000m\000\040\000d\000o\000m\000a\000i\000n}{section.3}% 17
\BOOKMARK [2][-]{subsection.3.3}{\376\377\000C\000u\000r\000r\000e\000n\000t\000\040\000a\000p\000p\000r\000o\000a\000c\000h\000e\000s\000\040\000a\000n\000d\000\040\000t\000h\000e\000i\000r\000\040\000l\000i\000m\000i\000t\000a\000t\000i\000o\000n\000s}{section.3}% 18
\BOOKMARK [2][-]{subsection.3.4}{\376\377\000M\000o\000t\000i\000v\000a\000t\000i\000o\000n\000\040\000f\000o\000r\000\040\000a\000n\000\040\000e\000v\000i\000d\000e\000n\000c\000e\000-\000a\000w\000a\000r\000e\000\040\000f\000r\000a\000m\000e\000w\000o\000r\000k}{section.3}% 19
\BOOKMARK [2][-]{subsection.3.5}{\376\377\000P\000r\000e\000l\000i\000m\000i\000n\000a\000r\000y\000\040\000r\000a\000t\000i\000o\000n\000a\000l\000e}{section.3}% 20
\BOOKMARK [1][-]{section.4}{\376\377\000P\000r\000o\000b\000l\000e\000m\000\040\000S\000t\000a\000t\000e\000m\000e\000n\000t}{}% 21
\BOOKMARK [2][-]{subsection.4.1}{\376\377\000P\000r\000i\000m\000a\000r\000y\000\040\000p\000r\000o\000b\000l\000e\000m}{section.4}% 22
\BOOKMARK [2][-]{subsection.4.2}{\376\377\000C\000l\000i\000n\000i\000c\000a\000l\000\040\000a\000n\000d\000\040\000m\000e\000t\000h\000o\000d\000o\000l\000o\000g\000i\000c\000a\000l\000\040\000g\000a\000p}{section.4}% 23
\BOOKMARK [2][-]{subsection.4.3}{\376\377\000O\000p\000e\000r\000a\000t\000i\000o\000n\000a\000l\000\040\000c\000o\000n\000s\000t\000r\000a\000i\000n\000t\000s}{section.4}% 24
\BOOKMARK [2][-]{subsection.4.4}{\376\377\000R\000e\000s\000e\000a\000r\000c\000h\000\040\000a\000s\000s\000u\000m\000p\000t\000i\000o\000n\000s}{section.4}% 25
\BOOKMARK [2][-]{subsection.4.5}{\376\377\000O\000u\000t\000-\000o\000f\000-\000s\000c\000o\000p\000e\000\040\000c\000l\000a\000i\000m\000s\000\040\000a\000n\000d\000\040\000b\000o\000u\000n\000d\000a\000r\000i\000e\000s}{section.4}% 26
\BOOKMARK [1][-]{section.5}{\376\377\000R\000e\000s\000e\000a\000r\000c\000h\000\040\000G\000a\000p\000\040\000a\000n\000d\000\040\000N\000o\000v\000e\000l\000t\000y}{}% 27
\BOOKMARK [2][-]{subsection.5.1}{\376\377\000E\000x\000i\000s\000t\000i\000n\000g\000\040\000r\000e\000s\000e\000a\000r\000c\000h\000\040\000l\000a\000n\000d\000s\000c\000a\000p\000e}{section.5}% 28
\BOOKMARK [2][-]{subsection.5.2}{\376\377\000U\000n\000m\000e\000t\000\040\000m\000e\000t\000h\000o\000d\000o\000l\000o\000g\000i\000c\000a\000l\000\040\000n\000e\000e\000d\000s}{section.5}% 29
\BOOKMARK [2][-]{subsection.5.3}{\376\377\000N\000o\000v\000e\000l\000\040\000a\000s\000p\000e\000c\000t\000s\000\040\000o\000f\000\040\000t\000h\000e\000\040\000p\000r\000o\000p\000o\000s\000e\000d\000\040\000p\000r\000o\000g\000r\000a\000m}{section.5}% 30
\BOOKMARK [2][-]{subsection.5.4}{\376\377\000E\000x\000p\000e\000c\000t\000e\000d\000\040\000s\000c\000i\000e\000n\000t\000i\000f\000i\000c\000\040\000c\000o\000n\000t\000r\000i\000b\000u\000t\000i\000o\000n}{section.5}% 31
\BOOKMARK [2][-]{subsection.5.5}{\376\377\000D\000i\000s\000t\000i\000n\000c\000t\000i\000o\000n\000\040\000f\000r\000o\000m\000\040\000c\000l\000i\000n\000i\000c\000a\000l\000\040\000d\000e\000p\000l\000o\000y\000m\000e\000n\000t}{section.5}% 32
\BOOKMARK [1][-]{section.6}{\376\377\000R\000e\000s\000e\000a\000r\000c\000h\000\040\000A\000i\000m\000,\000\040\000O\000b\000j\000e\000c\000t\000i\000v\000e\000s\000,\000\040\000a\000n\000d\000\040\000E\000x\000p\000e\000c\000t\000e\000d\000\040\000O\000u\000t\000c\000o\000m\000e\000s}{}% 33
\BOOKMARK [2][-]{subsection.6.1}{\376\377\000O\000v\000e\000r\000a\000l\000l\000\040\000a\000i\000m}{section.6}% 34
\BOOKMARK [2][-]{subsection.6.2}{\376\377\000P\000r\000i\000m\000a\000r\000y\000\040\000o\000b\000j\000e\000c\000t\000i\000v\000e\000s}{section.6}% 35
\BOOKMARK [2][-]{subsection.6.3}{\376\377\000S\000e\000c\000o\000n\000d\000a\000r\000y\000\040\000o\000b\000j\000e\000c\000t\000i\000v\000e\000s}{section.6}% 36
\BOOKMARK [2][-]{subsection.6.4}{\376\377\000E\000x\000p\000e\000c\000t\000e\000d\000\040\000s\000c\000i\000e\000n\000t\000i\000f\000i\000c\000\040\000o\000u\000t\000c\000o\000m\000e\000s}{section.6}% 37
\BOOKMARK [2][-]{subsection.6.5}{\376\377\000E\000x\000p\000e\000c\000t\000e\000d\000\040\000e\000n\000g\000i\000n\000e\000e\000r\000i\000n\000g\000\040\000o\000u\000t\000c\000o\000m\000e\000s}{section.6}% 38
\BOOKMARK [2][-]{subsection.6.6}{\376\377\000E\000x\000p\000e\000c\000t\000e\000d\000\040\000p\000u\000b\000l\000i\000c\000a\000t\000i\000o\000n\000\040\000o\000u\000t\000c\000o\000m\000e\000s}{section.6}% 39
\BOOKMARK [1][-]{section.7}{\376\377\000R\000e\000s\000e\000a\000r\000c\000h\000\040\000Q\000u\000e\000s\000t\000i\000o\000n\000s\000\040\000a\000n\000d\000\040\000H\000y\000p\000o\000t\000h\000e\000s\000e\000s}{}% 40
\BOOKMARK [2][-]{subsection.7.1}{\376\377\000C\000l\000i\000n\000i\000c\000a\000l\000\040\000q\000u\000e\000s\000t\000i\000o\000n\000s}{section.7}% 41
\BOOKMARK [2][-]{subsection.7.2}{\376\377\000P\000r\000i\000m\000a\000r\000y\000\040\000m\000e\000t\000h\000o\000d\000o\000l\000o\000g\000i\000c\000a\000l\000\040\000q\000u\000e\000s\000t\000i\000o\000n\000s}{section.7}% 42
\BOOKMARK [2][-]{subsection.7.3}{\376\377\000S\000e\000c\000o\000n\000d\000a\000r\000y\000\040\000r\000e\000s\000e\000a\000r\000c\000h\000\040\000q\000u\000e\000s\000t\000i\000o\000n\000s}{section.7}% 43
\BOOKMARK [2][-]{subsection.7.4}{\376\377\000P\000r\000i\000m\000a\000r\000y\000\040\000h\000y\000p\000o\000t\000h\000e\000s\000i\000s}{section.7}% 44
\BOOKMARK [2][-]{subsection.7.5}{\376\377\000C\000o\000u\000n\000t\000e\000r\000-\000h\000y\000p\000o\000t\000h\000e\000s\000i\000s}{section.7}% 45
\BOOKMARK [2][-]{subsection.7.6}{\376\377\000E\000x\000p\000l\000o\000r\000a\000t\000o\000r\000y\000\040\000h\000y\000p\000o\000t\000h\000e\000s\000e\000s}{section.7}% 46
\BOOKMARK [1][-]{section.8}{\376\377\000S\000c\000o\000p\000e\000,\000\040\000B\000o\000u\000n\000d\000a\000r\000i\000e\000s\000,\000\040\000a\000n\000d\000\040\000R\000e\000s\000e\000a\000r\000c\000h\000\040\000T\000r\000a\000c\000k\000s}{}% 47
\BOOKMARK [2][-]{subsection.8.1}{\376\377\000I\000n\000i\000t\000i\000a\000l\000\040\000l\000a\000b\000o\000r\000a\000t\000o\000r\000y\000-\000o\000n\000l\000y\000\040\000s\000c\000o\000p\000e}{section.8}% 48
\BOOKMARK [2][-]{subsection.8.2}{\376\377\000S\000t\000r\000u\000c\000t\000u\000r\000e\000d\000\040\000c\000l\000i\000n\000i\000c\000a\000l\000-\000d\000a\000t\000a\000\040\000s\000c\000o\000p\000e}{section.8}% 49
\BOOKMARK [2][-]{subsection.8.3}{\376\377\000F\000u\000t\000u\000r\000e\000\040\000m\000u\000l\000t\000i\000m\000o\000d\000a\000l\000\040\000s\000c\000o\000p\000e}{section.8}% 50
\BOOKMARK [2][-]{subsection.8.4}{\376\377\000R\000e\000s\000e\000a\000r\000c\000h\000\040\000t\000r\000a\000c\000k\000s}{section.8}% 51
\BOOKMARK [1][-]{section.9}{\376\377\000S\000c\000i\000e\000n\000t\000i\000f\000i\000c\000\040\000P\000r\000e\000m\000i\000s\000e\000\040\000a\000n\000d\000\040\000S\000y\000s\000t\000e\000m\000\040\000O\000p\000e\000r\000a\000t\000i\000n\000g\000\040\000P\000r\000i\000n\000c\000i\000p\000l\000e}{}% 52
\BOOKMARK [2][-]{subsection.9.1}{\376\377\000E\000v\000i\000d\000e\000n\000c\000e\000-\000i\000n\000-\000h\000a\000n\000d\000\040\000f\000i\000r\000s\000t}{section.9}% 53
\BOOKMARK [2][-]{subsection.9.2}{\376\377\000P\000a\000r\000t\000i\000a\000l\000\040\000o\000b\000s\000e\000r\000v\000a\000b\000i\000l\000i\000t\000y\000\040\000a\000s\000\040\000a\000\040\000d\000e\000s\000i\000g\000n\000\040\000r\000e\000q\000u\000i\000r\000e\000m\000e\000n\000t}{section.9}% 54
\BOOKMARK [2][-]{subsection.9.3}{\376\377\000I\000n\000f\000e\000r\000e\000n\000c\000e\000,\000\040\000u\000n\000c\000e\000r\000t\000a\000i\000n\000t\000y\000,\000\040\000a\000n\000d\000\040\000e\000v\000i\000d\000e\000n\000c\000e\000\040\000c\000o\000v\000e\000r\000a\000g\000e}{section.9}% 55
\BOOKMARK [2][-]{subsection.9.4}{\376\377\000I\000n\000c\000o\000n\000c\000l\000u\000s\000i\000v\000e\000\040\000o\000u\000t\000p\000u\000t\000s\000\040\000a\000n\000d\000\040\000a\000b\000s\000t\000e\000n\000t\000i\000o\000n}{section.9}% 56
\BOOKMARK [2][-]{subsection.9.5}{\376\377\000N\000o\000\040\000f\000a\000b\000r\000i\000c\000a\000t\000i\000o\000n\000\040\000o\000f\000\040\000u\000n\000a\000v\000a\000i\000l\000a\000b\000l\000e\000\040\000o\000b\000s\000e\000r\000v\000a\000t\000i\000o\000n\000s}{section.9}% 57
\BOOKMARK [2][-]{subsection.9.6}{\376\377\000P\000r\000e\000d\000i\000c\000t\000i\000o\000n\000\040\000i\000s\000\040\000n\000o\000t\000\040\000d\000i\000a\000g\000n\000o\000s\000i\000s}{section.9}% 58
\BOOKMARK [1][-]{section.10}{\376\377\000D\000a\000t\000a\000s\000e\000t\000\040\000S\000t\000r\000a\000t\000e\000g\000y\000\040\000a\000n\000d\000\040\000A\000c\000q\000u\000i\000s\000i\000t\000i\000o\000n\000\040\000R\000o\000a\000d\000m\000a\000p}{}% 59
\BOOKMARK [2][-]{subsection.10.1}{\376\377\000D\000a\000t\000a\000s\000e\000t\000\040\000p\000o\000r\000t\000f\000o\000l\000i\000o}{section.10}% 60
\BOOKMARK [2][-]{subsection.10.2}{\376\377\000D\000a\000t\000a\000s\000e\000t\000\040\000i\000n\000c\000l\000u\000s\000i\000o\000n\000\040\000c\000r\000i\000t\000e\000r\000i\000a}{section.10}% 61
\BOOKMARK [2][-]{subsection.10.3}{\376\377\000R\000e\000c\000o\000m\000m\000e\000n\000d\000e\000d\000\040\000a\000c\000q\000u\000i\000s\000i\000t\000i\000o\000n\000\040\000o\000r\000d\000e\000r}{section.10}% 62
\BOOKMARK [2][-]{subsection.10.4}{\376\377\000S\000y\000n\000t\000h\000e\000t\000i\000c\000\040\000a\000n\000d\000\040\000o\000p\000e\000n\000\040\000d\000a\000t\000a}{section.10}% 63
\BOOKMARK [2][-]{subsection.10.5}{\376\377\000C\000r\000e\000d\000e\000n\000t\000i\000a\000l\000e\000d\000\040\000c\000l\000i\000n\000i\000c\000a\000l\000\040\000d\000a\000t\000a}{section.10}% 64
\BOOKMARK [2][-]{subsection.10.6}{\376\377\000L\000o\000n\000g\000i\000t\000u\000d\000i\000n\000a\000l\000\040\000E\000H\000R\000\040\000r\000e\000s\000e\000a\000r\000c\000h}{section.10}% 65
\BOOKMARK [2][-]{subsection.10.7}{\376\377\000F\000u\000t\000u\000r\000e\000\040\000i\000m\000a\000g\000i\000n\000g\000\040\000r\000e\000s\000o\000u\000r\000c\000e\000s}{section.10}% 66
\BOOKMARK [2][-]{subsection.10.8}{\376\377\000D\000a\000t\000a\000s\000e\000t\000\040\000p\000r\000o\000v\000e\000n\000a\000n\000c\000e\000\040\000r\000e\000c\000o\000r\000d\000s}{section.10}% 67
\BOOKMARK [2][-]{subsection.10.9}{\376\377\000D\000a\000t\000a\000\040\000a\000c\000c\000e\000s\000s\000,\000\040\000l\000i\000c\000e\000n\000s\000e\000s\000,\000\040\000a\000n\000d\000\040\000u\000s\000e\000\040\000r\000e\000s\000t\000r\000i\000c\000t\000i\000o\000n\000s}{section.10}% 68
\BOOKMARK [1][-]{section.11}{\376\377\000S\000t\000u\000d\000y\000\040\000D\000e\000s\000i\000g\000n\000\040\000a\000n\000d\000\040\000C\000o\000h\000o\000r\000t\000\040\000C\000o\000n\000s\000t\000r\000u\000c\000t\000i\000o\000n}{}% 69
\BOOKMARK [2][-]{subsection.11.1}{\376\377\000S\000t\000u\000d\000y\000\040\000d\000e\000s\000i\000g\000n\000\040\000p\000r\000o\000g\000r\000e\000s\000s\000i\000o\000n}{section.11}% 70
\BOOKMARK [2][-]{subsection.11.2}{\376\377\000P\000o\000p\000u\000l\000a\000t\000i\000o\000n\000\040\000d\000e\000f\000i\000n\000i\000t\000i\000o\000n}{section.11}% 71
\BOOKMARK [2][-]{subsection.11.3}{\376\377\000I\000n\000d\000e\000x\000\040\000d\000a\000t\000e\000\040\000a\000n\000d\000\040\000o\000b\000s\000e\000r\000v\000a\000t\000i\000o\000n\000\040\000w\000i\000n\000d\000o\000w\000s}{section.11}% 72
\BOOKMARK [2][-]{subsection.11.4}{\376\377\000I\000n\000c\000l\000u\000s\000i\000o\000n\000\040\000a\000n\000d\000\040\000e\000x\000c\000l\000u\000s\000i\000o\000n\000\040\000c\000r\000i\000t\000e\000r\000i\000a}{section.11}% 73
\BOOKMARK [2][-]{subsection.11.5}{\376\377\000O\000u\000t\000c\000o\000m\000e\000\040\000d\000e\000f\000i\000n\000i\000t\000i\000o\000n\000s}{section.11}% 74
\BOOKMARK [2][-]{subsection.11.6}{\376\377\000C\000o\000h\000o\000r\000t\000\040\000c\000o\000n\000s\000t\000r\000u\000c\000t\000i\000o\000n}{section.11}% 75
\BOOKMARK [2][-]{subsection.11.7}{\376\377\000T\000e\000m\000p\000o\000r\000a\000l\000\040\000s\000p\000l\000i\000t\000t\000i\000n\000g}{section.11}% 76
\BOOKMARK [2][-]{subsection.11.8}{\376\377\000E\000x\000t\000e\000r\000n\000a\000l\000\040\000v\000a\000l\000i\000d\000a\000t\000i\000o\000n\000\040\000d\000e\000s\000i\000g\000n}{section.11}% 77
\BOOKMARK [2][-]{subsection.11.9}{\376\377\000A\000s\000c\000e\000r\000t\000a\000i\000n\000m\000e\000n\000t\000\040\000a\000n\000d\000\040\000i\000n\000d\000i\000c\000a\000t\000i\000o\000n\000\040\000b\000i\000a\000s}{section.11}% 78
\BOOKMARK [2][-]{subsection.11.10}{\376\377\000C\000a\000u\000s\000a\000l\000\040\000i\000n\000t\000e\000r\000p\000r\000e\000t\000a\000t\000i\000o\000n\000\040\000l\000i\000m\000i\000t\000s}{section.11}% 79
\BOOKMARK [1][-]{section.12}{\376\377\000D\000a\000t\000a\000\040\000S\000t\000a\000n\000d\000a\000r\000d\000i\000z\000a\000t\000i\000o\000n\000\040\000a\000n\000d\000\040\000C\000l\000i\000n\000i\000c\000a\000l\000\040\000D\000a\000t\000a\000\040\000M\000o\000d\000e\000l}{}% 80
\BOOKMARK [2][-]{subsection.12.1}{\376\377\000C\000a\000n\000o\000n\000i\000c\000a\000l\000\040\000i\000n\000t\000e\000r\000n\000a\000l\000\040\000s\000c\000h\000e\000m\000a}{section.12}% 81
\BOOKMARK [2][-]{subsection.12.2}{\376\377\000L\000a\000b\000o\000r\000a\000t\000o\000r\000y\000\040\000o\000n\000t\000o\000l\000o\000g\000y}{section.12}% 82
\BOOKMARK [2][-]{subsection.12.3}{\376\377\000L\000a\000b\000o\000r\000a\000t\000o\000r\000y\000\040\000f\000a\000m\000i\000l\000i\000e\000s}{section.12}% 83
\BOOKMARK [2][-]{subsection.12.4}{\376\377\000U\000n\000i\000t\000s\000\040\000a\000n\000d\000\040\000r\000e\000f\000e\000r\000e\000n\000c\000e\000\040\000r\000a\000n\000g\000e\000s}{section.12}% 84
\BOOKMARK [2][-]{subsection.12.5}{\376\377\000S\000p\000e\000c\000i\000m\000e\000n\000\040\000a\000n\000d\000\040\000m\000e\000a\000s\000u\000r\000e\000m\000e\000n\000t\000\040\000m\000e\000t\000a\000d\000a\000t\000a}{section.12}% 85
\BOOKMARK [2][-]{subsection.12.6}{\376\377\000T\000i\000m\000e\000\040\000a\000n\000d\000\040\000p\000r\000o\000v\000e\000n\000a\000n\000c\000e\000\040\000r\000e\000p\000r\000e\000s\000e\000n\000t\000a\000t\000i\000o\000n}{section.12}% 86
\BOOKMARK [2][-]{subsection.12.7}{\376\377\000M\000e\000t\000a\000d\000a\000t\000a\000-\000d\000r\000i\000v\000e\000n\000\040\000o\000n\000b\000o\000a\000r\000d\000i\000n\000g}{section.12}% 87
\BOOKMARK [2][-]{subsection.12.8}{\376\377\000D\000a\000t\000a\000\040\000q\000u\000a\000l\000i\000t\000y\000\040\000c\000o\000n\000t\000r\000o\000l\000s}{section.12}% 88
\BOOKMARK [1][-]{section.13}{\376\377\000M\000i\000s\000s\000i\000n\000g\000n\000e\000s\000s\000-\000A\000w\000a\000r\000e\000\040\000D\000a\000t\000a\000\040\000M\000e\000t\000h\000o\000d\000o\000l\000o\000g\000y}{}% 89
\BOOKMARK [2][-]{subsection.13.1}{\376\377\000M\000i\000s\000s\000i\000n\000g\000\040\000d\000a\000t\000a\000\040\000t\000a\000x\000o\000n\000o\000m\000y}{section.13}% 90
\BOOKMARK [2][-]{subsection.13.2}{\376\377\000M\000i\000s\000s\000i\000n\000g\000\040\000i\000s\000\040\000n\000o\000t\000\040\000n\000o\000r\000m\000a\000l}{section.13}% 91
\BOOKMARK [2][-]{subsection.13.3}{\376\377\000O\000b\000s\000e\000r\000v\000a\000t\000i\000o\000n\000\040\000m\000a\000s\000k\000s\000\040\000a\000n\000d\000\040\000s\000t\000a\000t\000u\000s\000\040\000v\000a\000r\000i\000a\000b\000l\000e\000s}{section.13}% 92
\BOOKMARK [2][-]{subsection.13.4}{\376\377\000T\000i\000m\000e\000-\000s\000i\000n\000c\000e\000-\000m\000e\000a\000s\000u\000r\000e\000m\000e\000n\000t}{section.13}% 93
\BOOKMARK [2][-]{subsection.13.5}{\376\377\000I\000m\000p\000u\000t\000a\000t\000i\000o\000n\000\040\000a\000n\000d\000\040\000o\000b\000s\000e\000r\000v\000e\000d\000-\000v\000a\000l\000u\000e\000\040\000s\000e\000p\000a\000r\000a\000t\000i\000o\000n}{section.13}% 94
\BOOKMARK [2][-]{subsection.13.6}{\376\377\000M\000i\000s\000s\000i\000n\000g\000-\000n\000o\000t\000-\000a\000t\000-\000r\000a\000n\000d\000o\000m\000\040\000c\000o\000n\000s\000i\000d\000e\000r\000a\000t\000i\000o\000n\000s}{section.13}% 95
\BOOKMARK [2][-]{subsection.13.7}{\376\377\000S\000e\000n\000s\000i\000t\000i\000v\000i\000t\000y\000\040\000a\000n\000a\000l\000y\000s\000e\000s}{section.13}% 96
\BOOKMARK [1][-]{section.14}{\376\377\000M\000a\000c\000h\000i\000n\000e\000\040\000L\000e\000a\000r\000n\000i\000n\000g\000,\000\040\000D\000e\000e\000p\000\040\000L\000e\000a\000r\000n\000i\000n\000g\000,\000\040\000a\000n\000d\000\040\000S\000t\000a\000t\000i\000s\000t\000i\000c\000a\000l\000\040\000M\000o\000d\000e\000l\000\040\000P\000r\000o\000g\000r\000a\000m}{}% 97
\BOOKMARK [2][-]{subsection.14.1}{\376\377\000R\000e\000f\000e\000r\000e\000n\000c\000e\000\040\000a\000n\000d\000\040\000r\000u\000l\000e\000-\000b\000a\000s\000e\000d\000\040\000b\000a\000s\000e\000l\000i\000n\000e\000s}{section.14}% 98
\BOOKMARK [2][-]{subsection.14.2}{\376\377\000C\000l\000a\000s\000s\000i\000c\000a\000l\000\040\000s\000t\000a\000t\000i\000s\000t\000i\000c\000a\000l\000\040\000m\000o\000d\000e\000l\000s}{section.14}% 99
\BOOKMARK [2][-]{subsection.14.3}{\376\377\000T\000r\000e\000e\000-\000b\000a\000s\000e\000d\000\040\000m\000a\000c\000h\000i\000n\000e\000\040\000l\000e\000a\000r\000n\000i\000n\000g}{section.14}% 100
\BOOKMARK [2][-]{subsection.14.4}{\376\377\000K\000e\000r\000n\000e\000l\000\040\000m\000e\000t\000h\000o\000d\000s}{section.14}% 101
\BOOKMARK [2][-]{subsection.14.5}{\376\377\000N\000e\000u\000r\000a\000l\000\040\000a\000n\000d\000\040\000s\000e\000q\000u\000e\000n\000c\000e\000\040\000m\000o\000d\000e\000l\000s}{section.14}% 102
\BOOKMARK [2][-]{subsection.14.6}{\376\377\000S\000u\000r\000v\000i\000v\000a\000l\000\040\000a\000n\000a\000l\000y\000s\000i\000s}{section.14}% 103
\BOOKMARK [2][-]{subsection.14.7}{\376\377\000A\000n\000o\000m\000a\000l\000y\000\040\000d\000e\000t\000e\000c\000t\000i\000o\000n}{section.14}% 104
\BOOKMARK [2][-]{subsection.14.8}{\376\377\000E\000n\000s\000e\000m\000b\000l\000e\000s\000\040\000a\000n\000d\000\040\000s\000t\000a\000c\000k\000i\000n\000g}{section.14}% 105
\BOOKMARK [2][-]{subsection.14.9}{\376\377\000C\000a\000l\000i\000b\000r\000a\000t\000i\000o\000n\000\040\000a\000n\000d\000\040\000c\000o\000n\000f\000o\000r\000m\000a\000l\000\040\000m\000e\000t\000h\000o\000d\000s}{section.14}% 106
\BOOKMARK [2][-]{subsection.14.10}{\376\377\000D\000e\000v\000e\000l\000o\000p\000m\000e\000n\000t\000\040\000s\000e\000q\000u\000e\000n\000c\000e}{section.14}% 107
\BOOKMARK [2][-]{subsection.14.11}{\376\377\000M\000u\000l\000t\000i\000-\000t\000a\000s\000k\000\040\000l\000e\000a\000r\000n\000i\000n\000g}{section.14}% 108
\BOOKMARK [1][-]{section.15}{\376\377\000E\000x\000p\000e\000r\000i\000m\000e\000n\000t\000a\000l\000\040\000M\000e\000t\000h\000o\000d\000o\000l\000o\000g\000y}{}% 109
\BOOKMARK [2][-]{subsection.15.1}{\376\377\000T\000r\000a\000i\000n\000,\000\040\000v\000a\000l\000i\000d\000a\000t\000i\000o\000n\000,\000\040\000a\000n\000d\000\040\000t\000e\000s\000t\000\040\000p\000r\000o\000t\000o\000c\000o\000l}{section.15}% 110
\BOOKMARK [2][-]{subsection.15.2}{\376\377\000L\000e\000a\000k\000a\000g\000e\000\040\000p\000r\000e\000v\000e\000n\000t\000i\000o\000n}{section.15}% 111
\BOOKMARK [2][-]{subsection.15.3}{\376\377\000H\000y\000p\000e\000r\000p\000a\000r\000a\000m\000e\000t\000e\000r\000\040\000s\000e\000l\000e\000c\000t\000i\000o\000n}{section.15}% 112
\BOOKMARK [2][-]{subsection.15.4}{\376\377\000R\000e\000p\000e\000a\000t\000e\000d\000\040\000a\000n\000d\000\040\000n\000e\000s\000t\000e\000d\000\040\000v\000a\000l\000i\000d\000a\000t\000i\000o\000n}{section.15}% 113
\BOOKMARK [2][-]{subsection.15.5}{\376\377\000R\000a\000n\000d\000o\000m\000\040\000s\000e\000e\000d\000s\000\040\000a\000n\000d\000\040\000r\000e\000p\000r\000o\000d\000u\000c\000i\000b\000i\000l\000i\000t\000y}{section.15}% 114
\BOOKMARK [2][-]{subsection.15.6}{\376\377\000A\000b\000l\000a\000t\000i\000o\000n\000\040\000s\000t\000u\000d\000i\000e\000s}{section.15}% 115
\BOOKMARK [2][-]{subsection.15.7}{\376\377\000B\000a\000s\000e\000l\000i\000n\000e\000\040\000c\000o\000m\000p\000a\000r\000i\000s\000o\000n\000s}{section.15}% 116
\BOOKMARK [2][-]{subsection.15.8}{\376\377\000E\000x\000t\000e\000r\000n\000a\000l\000\040\000v\000a\000l\000i\000d\000a\000t\000i\000o\000n}{section.15}% 117
\BOOKMARK [2][-]{subsection.15.9}{\376\377\000T\000e\000m\000p\000o\000r\000a\000l\000\040\000a\000n\000d\000\040\000s\000i\000t\000e\000\040\000v\000a\000l\000i\000d\000a\000t\000i\000o\000n}{section.15}% 118
\BOOKMARK [1][-]{section.16}{\376\377\000M\000o\000d\000e\000l\000\040\000E\000v\000a\000l\000u\000a\000t\000i\000o\000n\000\040\000a\000n\000d\000\040\000S\000t\000a\000t\000i\000s\000t\000i\000c\000a\000l\000\040\000A\000n\000a\000l\000y\000s\000i\000s\000\040\000P\000l\000a\000n}{}% 119
\BOOKMARK [2][-]{subsection.16.1}{\376\377\000P\000r\000i\000m\000a\000r\000y\000\040\000p\000e\000r\000f\000o\000r\000m\000a\000n\000c\000e\000\040\000m\000e\000t\000r\000i\000c\000s}{section.16}% 120
\BOOKMARK [2][-]{subsection.16.2}{\376\377\000D\000i\000s\000c\000r\000i\000m\000i\000n\000a\000t\000i\000o\000n}{section.16}% 121
\BOOKMARK [2][-]{subsection.16.3}{\376\377\000C\000a\000l\000i\000b\000r\000a\000t\000i\000o\000n}{section.16}% 122
\BOOKMARK [2][-]{subsection.16.4}{\376\377\000C\000l\000i\000n\000i\000c\000a\000l\000\040\000u\000t\000i\000l\000i\000t\000y}{section.16}% 123
\BOOKMARK [2][-]{subsection.16.5}{\376\377\000S\000u\000r\000v\000i\000v\000a\000l\000\040\000m\000e\000t\000r\000i\000c\000s}{section.16}% 124
\BOOKMARK [2][-]{subsection.16.6}{\376\377\000A\000n\000o\000m\000a\000l\000y\000-\000d\000e\000t\000e\000c\000t\000i\000o\000n\000\040\000m\000e\000t\000r\000i\000c\000s}{section.16}% 125
\BOOKMARK [2][-]{subsection.16.7}{\376\377\000U\000n\000c\000e\000r\000t\000a\000i\000n\000t\000y\000\040\000i\000n\000t\000e\000r\000v\000a\000l\000s}{section.16}% 126
\BOOKMARK [2][-]{subsection.16.8}{\376\377\000S\000u\000b\000g\000r\000o\000u\000p\000\040\000a\000n\000a\000l\000y\000s\000i\000s}{section.16}% 127
\BOOKMARK [2][-]{subsection.16.9}{\376\377\000M\000o\000d\000e\000l\000\040\000c\000o\000m\000p\000a\000r\000i\000s\000o\000n}{section.16}% 128
\BOOKMARK [2][-]{subsection.16.10}{\376\377\000M\000u\000l\000t\000i\000p\000l\000i\000c\000i\000t\000y\000\040\000a\000n\000d\000\040\000s\000t\000a\000t\000i\000s\000t\000i\000c\000a\000l\000\040\000s\000a\000f\000e\000g\000u\000a\000r\000d\000s}{section.16}% 129
\BOOKMARK [2][-]{subsection.16.11}{\376\377\000S\000e\000n\000s\000i\000t\000i\000v\000i\000t\000y\000\040\000a\000n\000a\000l\000y\000s\000e\000s}{section.16}% 130
\BOOKMARK [1][-]{section.17}{\376\377\000E\000x\000p\000l\000a\000i\000n\000a\000b\000i\000l\000i\000t\000y\000,\000\040\000U\000n\000c\000e\000r\000t\000a\000i\000n\000t\000y\000,\000\040\000a\000n\000d\000\040\000C\000l\000i\000n\000i\000c\000a\000l\000\040\000C\000o\000m\000m\000u\000n\000i\000c\000a\000t\000i\000o\000n}{}% 131
\BOOKMARK [2][-]{subsection.17.1}{\376\377\000G\000l\000o\000b\000a\000l\000\040\000e\000x\000p\000l\000a\000n\000a\000t\000i\000o\000n\000s}{section.17}% 132
\BOOKMARK [2][-]{subsection.17.2}{\376\377\000L\000o\000c\000a\000l\000\040\000e\000x\000p\000l\000a\000n\000a\000t\000i\000o\000n\000s}{section.17}% 133
\BOOKMARK [2][-]{subsection.17.3}{\376\377\000F\000e\000a\000t\000u\000r\000e\000\040\000a\000t\000t\000r\000i\000b\000u\000t\000i\000o\000n\000\040\000m\000e\000t\000h\000o\000d\000s}{section.17}% 134
\BOOKMARK [2][-]{subsection.17.4}{\376\377\000U\000n\000c\000e\000r\000t\000a\000i\000n\000t\000y\000\040\000q\000u\000a\000n\000t\000i\000f\000i\000c\000a\000t\000i\000o\000n}{section.17}% 135
\BOOKMARK [2][-]{subsection.17.5}{\376\377\000C\000o\000n\000f\000i\000d\000e\000n\000c\000e\000\040\000v\000e\000r\000s\000u\000s\000\040\000p\000r\000e\000d\000i\000c\000t\000i\000v\000e\000\040\000u\000n\000c\000e\000r\000t\000a\000i\000n\000t\000y}{section.17}% 136
\BOOKMARK [2][-]{subsection.17.6}{\376\377\000E\000v\000i\000d\000e\000n\000c\000e\000\040\000c\000o\000v\000e\000r\000a\000g\000e\000\040\000i\000n\000d\000i\000c\000a\000t\000o\000r\000s}{section.17}% 137
\BOOKMARK [2][-]{subsection.17.7}{\376\377\000C\000l\000i\000n\000i\000c\000a\000l\000-\000l\000a\000n\000g\000u\000a\000g\000e\000\040\000p\000o\000l\000i\000c\000y}{section.17}% 138
\BOOKMARK [2][-]{subsection.17.8}{\376\377\000S\000a\000f\000e\000\040\000p\000r\000e\000s\000e\000n\000t\000a\000t\000i\000o\000n\000\040\000o\000f\000\040\000i\000n\000c\000o\000n\000c\000l\000u\000s\000i\000v\000e\000\040\000r\000e\000s\000u\000l\000t\000s}{section.17}% 139
\BOOKMARK [1][-]{section.18}{\376\377\000A\000d\000a\000p\000t\000i\000v\000e\000\040\000E\000v\000i\000d\000e\000n\000c\000e\000\040\000A\000c\000q\000u\000i\000s\000i\000t\000i\000o\000n\000\040\000R\000e\000s\000e\000a\000r\000c\000h\000\040\000T\000r\000a\000c\000k}{}% 140
\BOOKMARK [2][-]{subsection.18.1}{\376\377\000C\000e\000n\000t\000r\000a\000l\000\040\000r\000e\000s\000e\000a\000r\000c\000h\000\040\000q\000u\000e\000s\000t\000i\000o\000n}{section.18}% 141
\BOOKMARK [2][-]{subsection.18.2}{\376\377\000S\000e\000q\000u\000e\000n\000t\000i\000a\000l\000\040\000d\000e\000c\000i\000s\000i\000o\000n\000\040\000f\000o\000r\000m\000u\000l\000a\000t\000i\000o\000n}{section.18}% 142
\BOOKMARK [2][-]{subsection.18.3}{\376\377\000I\000n\000f\000o\000r\000m\000a\000t\000i\000o\000n\000\040\000g\000a\000i\000n\000\040\000a\000n\000d\000\040\000e\000x\000p\000e\000c\000t\000e\000d\000\040\000v\000a\000l\000u\000e\000\040\000o\000f\000\040\000i\000n\000f\000o\000r\000m\000a\000t\000i\000o\000n}{section.18}% 143
\BOOKMARK [2][-]{subsection.18.4}{\376\377\000C\000a\000n\000d\000i\000d\000a\000t\000e\000\040\000n\000e\000x\000t\000-\000t\000e\000s\000t\000\040\000s\000e\000l\000e\000c\000t\000i\000o\000n}{section.18}% 144
\BOOKMARK [2][-]{subsection.18.5}{\376\377\000S\000t\000o\000p\000p\000i\000n\000g\000\040\000r\000u\000l\000e\000s}{section.18}% 145
\BOOKMARK [2][-]{subsection.18.6}{\376\377\000C\000l\000i\000n\000i\000c\000i\000a\000n\000-\000i\000n\000-\000t\000h\000e\000-\000l\000o\000o\000p\000\040\000c\000o\000n\000s\000t\000r\000a\000i\000n\000t}{section.18}% 146
\BOOKMARK [2][-]{subsection.18.7}{\376\377\000E\000v\000a\000l\000u\000a\000t\000i\000o\000n\000\040\000w\000i\000t\000h\000o\000u\000t\000\040\000a\000u\000t\000o\000n\000o\000m\000o\000u\000s\000\040\000o\000r\000d\000e\000r\000i\000n\000g}{section.18}% 147
\BOOKMARK [2][-]{subsection.18.8}{\376\377\000T\000e\000s\000t\000-\000u\000s\000e\000\040\000a\000n\000d\000\040\000r\000e\000s\000o\000u\000r\000c\000e\000\040\000p\000r\000o\000x\000i\000e\000s}{section.18}% 148
\BOOKMARK [2][-]{subsection.18.9}{\376\377\000E\000x\000p\000e\000r\000i\000m\000e\000n\000t\000a\000l\000\040\000c\000o\000m\000p\000a\000r\000i\000s\000o\000n\000\040\000o\000f\000\040\000a\000c\000q\000u\000i\000s\000i\000t\000i\000o\000n\000\040\000p\000o\000l\000i\000c\000i\000e\000s}{section.18}% 149
\BOOKMARK [1][-]{section.19}{\376\377\000L\000o\000n\000g\000i\000t\000u\000d\000i\000n\000a\000l\000\040\000C\000l\000i\000n\000i\000c\000a\000l\000\040\000I\000n\000t\000e\000l\000l\000i\000g\000e\000n\000c\000e}{}% 150
\BOOKMARK [2][-]{subsection.19.1}{\376\377\000T\000e\000m\000p\000o\000r\000a\000l\000\040\000f\000e\000a\000t\000u\000r\000e\000\040\000c\000o\000n\000s\000t\000r\000u\000c\000t\000i\000o\000n}{section.19}% 151
\BOOKMARK [2][-]{subsection.19.2}{\376\377\000T\000r\000e\000n\000d\000\040\000a\000n\000d\000\040\000t\000r\000a\000j\000e\000c\000t\000o\000r\000y\000\040\000r\000e\000p\000r\000e\000s\000e\000n\000t\000a\000t\000i\000o\000n}{section.19}% 152
\BOOKMARK [2][-]{subsection.19.3}{\376\377\000R\000e\000c\000e\000n\000c\000y\000\040\000w\000e\000i\000g\000h\000t\000i\000n\000g}{section.19}% 153
\BOOKMARK [2][-]{subsection.19.4}{\376\377\000S\000e\000q\000u\000e\000n\000c\000e\000\040\000m\000o\000d\000e\000l\000i\000n\000g}{section.19}% 154
\BOOKMARK [2][-]{subsection.19.5}{\376\377\000E\000v\000e\000n\000t\000-\000h\000i\000s\000t\000o\000r\000y\000\040\000c\000o\000n\000s\000i\000d\000e\000r\000a\000t\000i\000o\000n\000s}{section.19}% 155
\BOOKMARK [2][-]{subsection.19.6}{\376\377\000R\000e\000p\000e\000a\000t\000e\000d\000-\000m\000e\000a\000s\000u\000r\000e\000\040\000v\000a\000l\000i\000d\000a\000t\000i\000o\000n}{section.19}% 156
\BOOKMARK [1][-]{section.20}{\376\377\000F\000e\000d\000e\000r\000a\000t\000e\000d\000\040\000L\000e\000a\000r\000n\000i\000n\000g\000\040\000R\000e\000s\000e\000a\000r\000c\000h\000\040\000T\000r\000a\000c\000k}{}% 157
\BOOKMARK [2][-]{subsection.20.1}{\376\377\000S\000c\000i\000e\000n\000t\000i\000f\000i\000c\000\040\000m\000o\000t\000i\000v\000a\000t\000i\000o\000n}{section.20}% 158
\BOOKMARK [2][-]{subsection.20.2}{\376\377\000S\000y\000n\000t\000h\000e\000t\000i\000c\000\040\000c\000l\000i\000e\000n\000t\000s}{section.20}% 159
\BOOKMARK [2][-]{subsection.20.3}{\376\377\000F\000e\000d\000e\000r\000a\000t\000e\000d\000\040\000b\000a\000s\000e\000l\000i\000n\000e\000s}{section.20}% 160
\BOOKMARK [2][-]{subsection.20.4}{\376\377\000N\000o\000n\000-\000I\000I\000D\000\040\000d\000a\000t\000a}{section.20}% 161
\BOOKMARK [2][-]{subsection.20.5}{\376\377\000P\000e\000r\000s\000o\000n\000a\000l\000i\000z\000a\000t\000i\000o\000n}{section.20}% 162
\BOOKMARK [2][-]{subsection.20.6}{\376\377\000P\000r\000i\000v\000a\000c\000y\000\040\000a\000n\000d\000\040\000s\000e\000c\000u\000r\000i\000t\000y\000\040\000c\000o\000n\000s\000i\000d\000e\000r\000a\000t\000i\000o\000n\000s}{section.20}% 163
\BOOKMARK [2][-]{subsection.20.7}{\376\377\000F\000e\000d\000e\000r\000a\000t\000e\000d\000\040\000e\000v\000a\000l\000u\000a\000t\000i\000o\000n\000\040\000m\000e\000t\000r\000i\000c\000s}{section.20}% 164
\BOOKMARK [2][-]{subsection.20.8}{\376\377\000P\000h\000a\000s\000e\000-\000i\000n\000\040\000s\000t\000r\000a\000t\000e\000g\000y}{section.20}% 165
\BOOKMARK [2][-]{subsection.20.9}{\376\377\000T\000o\000o\000l\000i\000n\000g}{section.20}% 166
\BOOKMARK [2][-]{subsection.20.10}{\376\377\000L\000i\000m\000i\000t\000a\000t\000i\000o\000n\000s}{section.20}% 167
\BOOKMARK [1][-]{section.21}{\376\377\000A\000g\000e\000n\000t\000i\000c\000\040\000A\000I\000\040\000R\000e\000s\000e\000a\000r\000c\000h\000\040\000T\000r\000a\000c\000k}{}% 168
\BOOKMARK [2][-]{subsection.21.1}{\376\377\000R\000o\000l\000e\000\040\000o\000f\000\040\000a\000g\000e\000n\000t\000s}{section.21}% 169
\BOOKMARK [2][-]{subsection.21.2}{\376\377\000A\000g\000e\000n\000t\000\040\000b\000o\000u\000n\000d\000a\000r\000i\000e\000s}{section.21}% 170
\BOOKMARK [2][-]{subsection.21.3}{\376\377\000P\000r\000o\000p\000o\000s\000e\000d\000\040\000a\000g\000e\000n\000t\000\040\000a\000r\000c\000h\000i\000t\000e\000c\000t\000u\000r\000e}{section.21}% 171
\BOOKMARK [2][-]{subsection.21.4}{\376\377\000R\000e\000s\000e\000a\000r\000c\000h\000\040\000a\000n\000d\000\040\000e\000v\000i\000d\000e\000n\000c\000e\000\040\000a\000g\000e\000n\000t}{section.21}% 172
\BOOKMARK [2][-]{subsection.21.5}{\376\377\000D\000a\000t\000a\000-\000q\000u\000a\000l\000i\000t\000y\000\040\000a\000g\000e\000n\000t}{section.21}% 173
\BOOKMARK [2][-]{subsection.21.6}{\376\377\000A\000n\000a\000l\000y\000s\000i\000s\000-\000r\000o\000u\000t\000e\000r\000\040\000a\000g\000e\000n\000t}{section.21}% 174
\BOOKMARK [2][-]{subsection.21.7}{\376\377\000U\000n\000c\000e\000r\000t\000a\000i\000n\000t\000y\000\040\000a\000n\000d\000\040\000e\000v\000i\000d\000e\000n\000c\000e\000-\000g\000a\000p\000\040\000a\000g\000e\000n\000t}{section.21}% 175
\BOOKMARK [2][-]{subsection.21.8}{\376\377\000V\000e\000r\000i\000f\000i\000c\000a\000t\000i\000o\000n\000\040\000a\000n\000d\000\040\000a\000u\000d\000i\000t\000\040\000a\000g\000e\000n\000t}{section.21}% 176
\BOOKMARK [2][-]{subsection.21.9}{\376\377\000R\000e\000p\000o\000r\000t\000-\000g\000e\000n\000e\000r\000a\000t\000i\000o\000n\000\040\000a\000g\000e\000n\000t}{section.21}% 177
\BOOKMARK [2][-]{subsection.21.10}{\376\377\000A\000g\000e\000n\000t\000i\000c\000\040\000e\000x\000p\000e\000r\000i\000m\000e\000n\000t\000s}{section.21}% 178
\BOOKMARK [2][-]{subsection.21.11}{\376\377\000S\000a\000f\000e\000t\000y\000\040\000c\000o\000n\000s\000t\000r\000a\000i\000n\000t\000s}{section.21}% 179
\BOOKMARK [1][-]{section.22}{\376\377\000E\000n\000d\000-\000t\000o\000-\000E\000n\000d\000\040\000T\000e\000c\000h\000n\000i\000c\000a\000l\000\040\000A\000r\000c\000h\000i\000t\000e\000c\000t\000u\000r\000e}{}% 180
\BOOKMARK [2][-]{subsection.22.1}{\376\377\000S\000y\000s\000t\000e\000m\000\040\000a\000r\000c\000h\000i\000t\000e\000c\000t\000u\000r\000e}{section.22}% 181
\BOOKMARK [2][-]{subsection.22.2}{\376\377\000D\000a\000t\000a\000\040\000i\000n\000g\000e\000s\000t\000i\000o\000n\000\040\000l\000a\000y\000e\000r}{section.22}% 182
\BOOKMARK [2][-]{subsection.22.3}{\376\377\000C\000a\000n\000o\000n\000i\000c\000a\000l\000\040\000p\000a\000t\000i\000e\000n\000t\000\040\000s\000t\000a\000t\000e}{section.22}% 183
\BOOKMARK [2][-]{subsection.22.4}{\376\377\000M\000o\000d\000e\000l\000\040\000l\000a\000y\000e\000r}{section.22}% 184
\BOOKMARK [2][-]{subsection.22.5}{\376\377\000D\000e\000c\000i\000s\000i\000o\000n\000\040\000a\000n\000d\000\040\000e\000v\000i\000d\000e\000n\000c\000e\000\040\000l\000a\000y\000e\000r}{section.22}% 185
\BOOKMARK [2][-]{subsection.22.6}{\376\377\000E\000x\000p\000l\000a\000i\000n\000a\000b\000i\000l\000i\000t\000y\000\040\000a\000n\000d\000\040\000u\000n\000c\000e\000r\000t\000a\000i\000n\000t\000y\000\040\000l\000a\000y\000e\000r}{section.22}% 186
\BOOKMARK [2][-]{subsection.22.7}{\376\377\000A\000g\000e\000n\000t\000\040\000o\000r\000c\000h\000e\000s\000t\000r\000a\000t\000i\000o\000n\000\040\000l\000a\000y\000e\000r}{section.22}% 187
\BOOKMARK [2][-]{subsection.22.8}{\376\377\000C\000l\000i\000n\000i\000c\000a\000l\000\040\000i\000n\000t\000e\000r\000f\000a\000c\000e\000\040\000l\000a\000y\000e\000r}{section.22}% 188
\BOOKMARK [2][-]{subsection.22.9}{\376\377\000A\000u\000d\000i\000t\000\040\000a\000n\000d\000\040\000o\000b\000s\000e\000r\000v\000a\000b\000i\000l\000i\000t\000y\000\040\000l\000a\000y\000e\000r}{section.22}% 189
\BOOKMARK [1][-]{section.23}{\376\377\000S\000o\000f\000t\000w\000a\000r\000e\000\040\000A\000r\000c\000h\000i\000t\000e\000c\000t\000u\000r\000e\000\040\000a\000n\000d\000\040\000R\000e\000s\000e\000a\000r\000c\000h\000\040\000I\000n\000f\000r\000a\000s\000t\000r\000u\000c\000t\000u\000r\000e}{}% 190
\BOOKMARK [2][-]{subsection.23.1}{\376\377\000R\000e\000p\000o\000s\000i\000t\000o\000r\000y\000\040\000s\000t\000r\000u\000c\000t\000u\000r\000e}{section.23}% 191
\BOOKMARK [2][-]{subsection.23.2}{\376\377\000P\000y\000t\000h\000o\000n\000\040\000e\000n\000v\000i\000r\000o\000n\000m\000e\000n\000t}{section.23}% 192
\BOOKMARK [2][-]{subsection.23.3}{\376\377\000R\000\040\000c\000o\000m\000p\000a\000n\000i\000o\000n\000\040\000e\000n\000v\000i\000r\000o\000n\000m\000e\000n\000t}{section.23}% 193
\BOOKMARK [2][-]{subsection.23.4}{\376\377\000E\000x\000p\000e\000r\000i\000m\000e\000n\000t\000\040\000t\000r\000a\000c\000k\000i\000n\000g}{section.23}% 194
\BOOKMARK [2][-]{subsection.23.5}{\376\377\000C\000o\000n\000f\000i\000g\000u\000r\000a\000t\000i\000o\000n\000\040\000m\000a\000n\000a\000g\000e\000m\000e\000n\000t}{section.23}% 195
\BOOKMARK [2][-]{subsection.23.6}{\376\377\000C\000o\000n\000t\000i\000n\000u\000o\000u\000s\000\040\000i\000n\000t\000e\000g\000r\000a\000t\000i\000o\000n\000\040\000a\000n\000d\000\040\000t\000e\000s\000t\000i\000n\000g}{section.23}% 196
\BOOKMARK [2][-]{subsection.23.7}{\376\377\000A\000r\000t\000i\000f\000a\000c\000t\000\040\000v\000e\000r\000s\000i\000o\000n\000i\000n\000g}{section.23}% 197
\BOOKMARK [2][-]{subsection.23.8}{\376\377\000M\000o\000d\000e\000l\000\040\000r\000e\000g\000i\000s\000t\000r\000y}{section.23}% 198
\BOOKMARK [1][-]{section.24}{\376\377\000R\000e\000s\000e\000a\000r\000c\000h\000\040\000W\000o\000r\000k\000\040\000P\000a\000c\000k\000a\000g\000e\000s}{}% 199
\BOOKMARK [2][-]{subsection.24.1}{\376\377\000W\000P\0000\000\040\040\024\000\040\000G\000o\000v\000e\000r\000n\000a\000n\000c\000e\000\040\000a\000n\000d\000\040\000p\000r\000o\000v\000e\000n\000a\000n\000c\000e}{section.24}% 200
\BOOKMARK [2][-]{subsection.24.2}{\376\377\000W\000P\0001\000\040\040\024\000\040\000L\000a\000b\000o\000r\000a\000t\000o\000r\000y\000\040\000d\000a\000t\000a\000\040\000f\000o\000u\000n\000d\000a\000t\000i\000o\000n}{section.24}% 201
\BOOKMARK [2][-]{subsection.24.3}{\376\377\000W\000P\0002\000\040\040\024\000\040\000A\000n\000o\000m\000a\000l\000y\000\040\000i\000n\000t\000e\000l\000l\000i\000g\000e\000n\000c\000e}{section.24}% 202
\BOOKMARK [2][-]{subsection.24.4}{\376\377\000W\000P\0003\000\040\040\024\000\040\000S\000u\000p\000e\000r\000v\000i\000s\000e\000d\000\040\000r\000i\000s\000k\000\040\000p\000r\000e\000d\000i\000c\000t\000i\000o\000n}{section.24}% 203
\BOOKMARK [2][-]{subsection.24.5}{\376\377\000W\000P\0004\000\040\040\024\000\040\000L\000o\000n\000g\000i\000t\000u\000d\000i\000n\000a\000l\000\040\000m\000o\000d\000e\000l\000i\000n\000g}{section.24}% 204
\BOOKMARK [2][-]{subsection.24.6}{\376\377\000W\000P\0005\000\040\040\024\000\040\000M\000i\000s\000s\000i\000n\000g\000n\000e\000s\000s\000-\000a\000w\000a\000r\000e\000\040\000i\000n\000f\000e\000r\000e\000n\000c\000e}{section.24}% 205
\BOOKMARK [2][-]{subsection.24.7}{\376\377\000W\000P\0006\000\040\040\024\000\040\000U\000n\000c\000e\000r\000t\000a\000i\000n\000t\000y\000\040\000a\000n\000d\000\040\000c\000a\000l\000i\000b\000r\000a\000t\000i\000o\000n}{section.24}% 206
\BOOKMARK [2][-]{subsection.24.8}{\376\377\000W\000P\0007\000\040\040\024\000\040\000A\000d\000a\000p\000t\000i\000v\000e\000\040\000e\000v\000i\000d\000e\000n\000c\000e\000\040\000a\000c\000q\000u\000i\000s\000i\000t\000i\000o\000n}{section.24}% 207
\BOOKMARK [2][-]{subsection.24.9}{\376\377\000W\000P\0008\000\040\040\024\000\040\000E\000x\000t\000e\000r\000n\000a\000l\000\040\000v\000a\000l\000i\000d\000a\000t\000i\000o\000n}{section.24}% 208
\BOOKMARK [2][-]{subsection.24.10}{\376\377\000W\000P\0009\000\040\040\024\000\040\000F\000e\000d\000e\000r\000a\000t\000e\000d\000\040\000l\000e\000a\000r\000n\000i\000n\000g}{section.24}% 209
\BOOKMARK [2][-]{subsection.24.11}{\376\377\000W\000P\0001\0000\000\040\040\024\000\040\000A\000g\000e\000n\000t\000i\000c\000\040\000i\000n\000t\000e\000l\000l\000i\000g\000e\000n\000c\000e}{section.24}% 210
\BOOKMARK [2][-]{subsection.24.12}{\376\377\000W\000P\0001\0001\000\040\040\024\000\040\000C\000l\000i\000n\000i\000c\000a\000l\000\040\000i\000n\000t\000e\000r\000f\000a\000c\000e\000\040\000a\000n\000d\000\040\000s\000a\000f\000e\000t\000y\000\040\000c\000a\000s\000e}{section.24}% 211
\BOOKMARK [2][-]{subsection.24.13}{\376\377\000W\000P\0001\0002\000\040\040\024\000\040\000P\000u\000b\000l\000i\000c\000a\000t\000i\000o\000n\000\040\000a\000n\000d\000\040\000d\000i\000s\000s\000e\000m\000i\000n\000a\000t\000i\000o\000n}{section.24}% 212
\BOOKMARK [2][-]{subsection.24.14}{\376\377\000W\000P\0001\0003\000\040\040\024\000\040\000M\000u\000l\000t\000i\000m\000o\000d\000a\000l\000\040\000e\000x\000p\000a\000n\000s\000i\000o\000n\000\040\000r\000e\000s\000e\000a\000r\000c\000h}{section.24}% 213
\BOOKMARK [1][-]{section.25}{\376\377\000F\000i\000r\000s\000t\000\040\0009\0000\000\040\000D\000a\000y\000s\000\040\040\024\000\040\000C\000o\000n\000c\000r\000e\000t\000e\000\040\000E\000x\000e\000c\000u\000t\000i\000o\000n\000\040\000P\000l\000a\000n}{}% 214
\BOOKMARK [2][-]{subsection.25.1}{\376\377\000D\000a\000y\000s\000\040\0001\040\023\0001\0005\000:\000\040\000s\000c\000i\000e\000n\000t\000i\000f\000i\000c\000\040\000a\000n\000d\000\040\000d\000a\000t\000a\000\040\000f\000o\000u\000n\000d\000a\000t\000i\000o\000n}{section.25}% 215
\BOOKMARK [2][-]{subsection.25.2}{\376\377\000D\000a\000y\000s\000\040\0001\0006\040\023\0003\0000\000:\000\040\000l\000a\000b\000o\000r\000a\000t\000o\000r\000y\000\040\000r\000e\000p\000r\000e\000s\000e\000n\000t\000a\000t\000i\000o\000n}{section.25}% 216
\BOOKMARK [2][-]{subsection.25.3}{\376\377\000D\000a\000y\000s\000\040\0003\0001\040\023\0006\0000\000:\000\040\000a\000n\000o\000m\000a\000l\000y\000\040\000r\000e\000s\000e\000a\000r\000c\000h}{section.25}% 217
\BOOKMARK [2][-]{subsection.25.4}{\376\377\000D\000a\000y\000s\000\040\0006\0001\040\023\0009\0000\000:\000\040\000s\000u\000p\000e\000r\000v\000i\000s\000e\000d\000\040\000b\000a\000s\000e\000l\000i\000n\000e}{section.25}% 218
\BOOKMARK [1][-]{section.26}{\376\377\0002\0004\000-\000M\000o\000n\000t\000h\000\040\000a\000n\000d\000\040\0003\0006\000-\000M\000o\000n\000t\000h\000\040\000I\000n\000t\000e\000g\000r\000a\000t\000e\000d\000\040\000R\000e\000s\000e\000a\000r\000c\000h\000\040\000R\000o\000a\000d\000m\000a\000p}{}% 219
\BOOKMARK [2][-]{subsection.26.1}{\376\377\000P\000h\000a\000s\000e\000\040\0001\000\040\040\024\000\040\000F\000o\000u\000n\000d\000a\000t\000i\000o\000n}{section.26}% 220
\BOOKMARK [2][-]{subsection.26.2}{\376\377\000P\000h\000a\000s\000e\000\040\0002\000\040\040\024\000\040\000B\000a\000s\000e\000l\000i\000n\000e\000\040\000i\000n\000t\000e\000l\000l\000i\000g\000e\000n\000c\000e}{section.26}% 221
\BOOKMARK [2][-]{subsection.26.3}{\376\377\000P\000h\000a\000s\000e\000\040\0003\000\040\040\024\000\040\000L\000o\000n\000g\000i\000t\000u\000d\000i\000n\000a\000l\000\040\000a\000n\000d\000\040\000u\000n\000c\000e\000r\000t\000a\000i\000n\000t\000y\000-\000a\000w\000a\000r\000e\000\040\000r\000e\000s\000e\000a\000r\000c\000h}{section.26}% 222
\BOOKMARK [2][-]{subsection.26.4}{\376\377\000P\000h\000a\000s\000e\000\040\0004\000\040\040\024\000\040\000A\000d\000a\000p\000t\000i\000v\000e\000\040\000e\000v\000i\000d\000e\000n\000c\000e\000\040\000a\000c\000q\000u\000i\000s\000i\000t\000i\000o\000n}{section.26}% 223
\BOOKMARK [2][-]{subsection.26.5}{\376\377\000P\000h\000a\000s\000e\000\040\0005\000\040\040\024\000\040\000F\000e\000d\000e\000r\000a\000t\000e\000d\000\040\000l\000e\000a\000r\000n\000i\000n\000g}{section.26}% 224
\BOOKMARK [2][-]{subsection.26.6}{\376\377\000P\000h\000a\000s\000e\000\040\0006\000\040\040\024\000\040\000A\000g\000e\000n\000t\000i\000c\000\040\000c\000l\000i\000n\000i\000c\000a\000l\000\040\000i\000n\000t\000e\000l\000l\000i\000g\000e\000n\000c\000e}{section.26}% 225
\BOOKMARK [2][-]{subsection.26.7}{\376\377\000P\000h\000a\000s\000e\000\040\0007\000\040\040\024\000\040\000M\000u\000l\000t\000i\000m\000o\000d\000a\000l\000\040\000e\000x\000p\000a\000n\000s\000i\000o\000n}{section.26}% 226
\BOOKMARK [1][-]{section.27}{\376\377\000R\000e\000s\000e\000a\000r\000c\000h\000\040\000D\000e\000c\000i\000s\000i\000o\000n\000\040\000G\000a\000t\000e\000s}{}% 227
\BOOKMARK [2][-]{subsection.27.1}{\376\377\000G\000a\000t\000e\000\040\0001\000\040\040\024\000\040\000D\000a\000t\000a\000\040\000r\000e\000a\000d\000i\000n\000e\000s\000s}{section.27}% 228
\BOOKMARK [2][-]{subsection.27.2}{\376\377\000G\000a\000t\000e\000\040\0002\000\040\040\024\000\040\000B\000a\000s\000e\000l\000i\000n\000e\000\040\000r\000e\000p\000r\000o\000d\000u\000c\000i\000b\000i\000l\000i\000t\000y}{section.27}% 229
\BOOKMARK [2][-]{subsection.27.3}{\376\377\000G\000a\000t\000e\000\040\0003\000\040\040\024\000\040\000E\000x\000t\000e\000r\000n\000a\000l\000\040\000v\000a\000l\000i\000d\000i\000t\000y}{section.27}% 230
\BOOKMARK [2][-]{subsection.27.4}{\376\377\000G\000a\000t\000e\000\040\0004\000\040\040\024\000\040\000U\000n\000c\000e\000r\000t\000a\000i\000n\000t\000y\000\040\000r\000e\000l\000i\000a\000b\000i\000l\000i\000t\000y}{section.27}% 231
\BOOKMARK [2][-]{subsection.27.5}{\376\377\000G\000a\000t\000e\000\040\0005\000\040\040\024\000\040\000A\000d\000a\000p\000t\000i\000v\000e\000-\000e\000v\000i\000d\000e\000n\000c\000e\000\040\000f\000e\000a\000s\000i\000b\000i\000l\000i\000t\000y}{section.27}% 232
\BOOKMARK [2][-]{subsection.27.6}{\376\377\000G\000a\000t\000e\000\040\0006\000\040\040\024\000\040\000F\000e\000d\000e\000r\000a\000t\000e\000d\000\040\000f\000e\000a\000s\000i\000b\000i\000l\000i\000t\000y}{section.27}% 233
\BOOKMARK [2][-]{subsection.27.7}{\376\377\000G\000a\000t\000e\000\040\0007\000\040\040\024\000\040\000A\000g\000e\000n\000t\000i\000c\000\040\000s\000a\000f\000e\000t\000y\000\040\000r\000e\000a\000d\000i\000n\000e\000s\000s}{section.27}% 234
\BOOKMARK [2][-]{subsection.27.8}{\376\377\000G\000a\000t\000e\000\040\0008\000\040\040\024\000\040\000M\000u\000l\000t\000i\000m\000o\000d\000a\000l\000\040\000e\000x\000p\000a\000n\000s\000i\000o\000n\000\040\000r\000e\000a\000d\000i\000n\000e\000s\000s}{section.27}% 235
\BOOKMARK [1][-]{section.28}{\376\377\000R\000e\000s\000e\000a\000r\000c\000h\000\040\000G\000o\000v\000e\000r\000n\000a\000n\000c\000e\000,\000\040\000E\000t\000h\000i\000c\000s\000,\000\040\000P\000r\000i\000v\000a\000c\000y\000,\000\040\000S\000a\000f\000e\000t\000y\000,\000\040\000a\000n\000d\000\040\000R\000e\000g\000u\000l\000a\000t\000i\000o\000n}{}% 236
\BOOKMARK [2][-]{subsection.28.1}{\376\377\000H\000u\000m\000a\000n\000-\000s\000u\000b\000j\000e\000c\000t\000\040\000a\000n\000d\000\040\000d\000a\000t\000a\000-\000g\000o\000v\000e\000r\000n\000a\000n\000c\000e\000\040\000p\000r\000i\000n\000c\000i\000p\000l\000e\000s}{section.28}% 237
\BOOKMARK [2][-]{subsection.28.2}{\376\377\000D\000a\000t\000a\000\040\000m\000i\000n\000i\000m\000i\000z\000a\000t\000i\000o\000n\000\040\000a\000n\000d\000\040\000a\000c\000c\000e\000s\000s\000\040\000c\000o\000n\000t\000r\000o\000l\000s}{section.28}% 238
\BOOKMARK [2][-]{subsection.28.3}{\376\377\000A\000n\000o\000n\000y\000m\000i\000z\000a\000t\000i\000o\000n\000\040\000a\000n\000d\000\040\000p\000s\000e\000u\000d\000o\000n\000y\000m\000i\000z\000a\000t\000i\000o\000n\000\040\000c\000o\000n\000s\000i\000d\000e\000r\000a\000t\000i\000o\000n\000s}{section.28}% 239
\BOOKMARK [2][-]{subsection.28.4}{\376\377\000G\000D\000P\000R\000\040\000a\000n\000d\000\040\000a\000p\000p\000l\000i\000c\000a\000b\000l\000e\000\040\000d\000a\000t\000a\000-\000p\000r\000o\000t\000e\000c\000t\000i\000o\000n\000\040\000r\000e\000q\000u\000i\000r\000e\000m\000e\000n\000t\000s}{section.28}% 240
\BOOKMARK [2][-]{subsection.28.5}{\376\377\000M\000e\000d\000i\000c\000a\000l\000-\000d\000e\000v\000i\000c\000e\000\040\000a\000n\000d\000\040\000s\000o\000f\000t\000w\000a\000r\000e\000\040\000i\000m\000p\000l\000i\000c\000a\000t\000i\000o\000n\000s}{section.28}% 241
\BOOKMARK [2][-]{subsection.28.6}{\376\377\000E\000U\000\040\000A\000I\000\040\000A\000c\000t\000\040\000c\000o\000n\000s\000i\000d\000e\000r\000a\000t\000i\000o\000n\000s}{section.28}% 242
\BOOKMARK [2][-]{subsection.28.7}{\376\377\000R\000i\000s\000k\000\040\000m\000a\000n\000a\000g\000e\000m\000e\000n\000t\000\040\000a\000n\000d\000\040\000I\000S\000O\000\040\0001\0004\0009\0007\0001\000\040\000a\000l\000i\000g\000n\000m\000e\000n\000t}{section.28}% 243
\BOOKMARK [2][-]{subsection.28.8}{\376\377\000C\000l\000i\000n\000i\000c\000a\000l\000\040\000s\000a\000f\000e\000t\000y\000\040\000c\000a\000s\000e}{section.28}% 244
\BOOKMARK [2][-]{subsection.28.9}{\376\377\000H\000a\000z\000a\000r\000d\000\040\000i\000d\000e\000n\000t\000i\000f\000i\000c\000a\000t\000i\000o\000n}{section.28}% 245
\BOOKMARK [2][-]{subsection.28.10}{\376\377\000H\000u\000m\000a\000n\000\040\000o\000v\000e\000r\000s\000i\000g\000h\000t}{section.28}% 246
\BOOKMARK [2][-]{subsection.28.11}{\376\377\000N\000o\000\040\000a\000u\000t\000o\000n\000o\000m\000o\000u\000s\000\040\000d\000i\000a\000g\000n\000o\000s\000i\000s\000\040\000o\000r\000\040\000t\000r\000e\000a\000t\000m\000e\000n\000t\000\040\000p\000o\000l\000i\000c\000y}{section.28}% 247
\BOOKMARK [1][-]{section.29}{\376\377\000R\000e\000p\000r\000o\000d\000u\000c\000i\000b\000i\000l\000i\000t\000y\000\040\000a\000n\000d\000\040\000O\000p\000e\000n\000-\000S\000c\000i\000e\000n\000c\000e\000\040\000P\000l\000a\000n}{}% 248
\BOOKMARK [2][-]{subsection.29.1}{\376\377\000R\000e\000p\000o\000s\000i\000t\000o\000r\000y\000\040\000s\000t\000r\000u\000c\000t\000u\000r\000e}{section.29}% 249
\BOOKMARK [2][-]{subsection.29.2}{\376\377\000D\000a\000t\000a\000s\000e\000t\000\040\000c\000a\000r\000d\000s}{section.29}% 250
\BOOKMARK [2][-]{subsection.29.3}{\376\377\000M\000o\000d\000e\000l\000\040\000c\000a\000r\000d\000s}{section.29}% 251
\BOOKMARK [2][-]{subsection.29.4}{\376\377\000R\000e\000s\000e\000a\000r\000c\000h\000\040\000l\000o\000g\000s}{section.29}% 252
\BOOKMARK [2][-]{subsection.29.5}{\376\377\000E\000x\000p\000e\000r\000i\000m\000e\000n\000t\000\040\000r\000e\000g\000i\000s\000t\000r\000y}{section.29}% 253
\BOOKMARK [2][-]{subsection.29.6}{\376\377\000V\000e\000r\000s\000i\000o\000n\000\040\000c\000o\000n\000t\000r\000o\000l}{section.29}% 254
\BOOKMARK [2][-]{subsection.29.7}{\376\377\000A\000r\000c\000h\000i\000v\000a\000l\000\040\000r\000e\000l\000e\000a\000s\000e\000s\000\040\000a\000n\000d\000\040\000D\000O\000I\000\040\000s\000t\000r\000a\000t\000e\000g\000y}{section.29}% 255
\BOOKMARK [2][-]{subsection.29.8}{\376\377\000C\000o\000d\000e\000\040\000a\000n\000d\000\040\000d\000a\000t\000a\000-\000s\000h\000a\000r\000i\000n\000g\000\040\000b\000o\000u\000n\000d\000a\000r\000i\000e\000s}{section.29}% 256
\BOOKMARK [2][-]{subsection.29.9}{\376\377\000R\000e\000p\000r\000o\000d\000u\000c\000i\000b\000l\000e\000\040\000e\000n\000v\000i\000r\000o\000n\000m\000e\000n\000t}{section.29}% 257
\BOOKMARK [1][-]{section.30}{\376\377\000R\000e\000s\000e\000a\000r\000c\000h\000\040\000P\000a\000p\000e\000r\000\040\000a\000n\000d\000\040\000P\000u\000b\000l\000i\000c\000a\000t\000i\000o\000n\000\040\000S\000t\000r\000a\000t\000e\000g\000y}{}% 258
\BOOKMARK [2][-]{subsection.30.1}{\376\377\000P\000r\000o\000p\000o\000s\000e\000d\000\040\000m\000a\000n\000u\000s\000c\000r\000i\000p\000t\000\040\000s\000e\000r\000i\000e\000s}{section.30}% 259
\BOOKMARK [2][-]{subsection.30.2}{\376\377\000T\000a\000r\000g\000e\000t\000\040\000p\000u\000b\000l\000i\000c\000a\000t\000i\000o\000n\000\040\000t\000y\000p\000e\000s}{section.30}% 260
\BOOKMARK [2][-]{subsection.30.3}{\376\377\000R\000e\000p\000o\000r\000t\000i\000n\000g\000\040\000f\000r\000a\000m\000e\000w\000o\000r\000k\000s}{section.30}% 261
\BOOKMARK [2][-]{subsection.30.4}{\376\377\000P\000r\000e\000p\000r\000i\000n\000t\000\040\000s\000t\000r\000a\000t\000e\000g\000y}{section.30}% 262
\BOOKMARK [2][-]{subsection.30.5}{\376\377\000J\000o\000u\000r\000n\000a\000l\000-\000s\000e\000l\000e\000c\000t\000i\000o\000n\000\040\000c\000r\000i\000t\000e\000r\000i\000a}{section.30}% 263
\BOOKMARK [2][-]{subsection.30.6}{\376\377\000A\000u\000t\000h\000o\000r\000-\000o\000r\000d\000e\000r\000\040\000p\000o\000l\000i\000c\000y}{section.30}% 264
\BOOKMARK [2][-]{subsection.30.7}{\376\377\000A\000u\000t\000h\000o\000r\000-\000c\000o\000n\000t\000r\000i\000b\000u\000t\000i\000o\000n\000\040\000s\000t\000a\000t\000e\000m\000e\000n\000t\000s}{section.30}% 265
\BOOKMARK [2][-]{subsection.30.8}{\376\377\000S\000u\000p\000p\000l\000e\000m\000e\000n\000t\000a\000r\000y\000\040\000m\000a\000t\000e\000r\000i\000a\000l\000s}{section.30}% 266
\BOOKMARK [2][-]{subsection.30.9}{\376\377\000D\000a\000t\000a\000\040\000a\000n\000d\000\040\000c\000o\000d\000e\000\040\000a\000v\000a\000i\000l\000a\000b\000i\000l\000i\000t\000y\000\040\000s\000t\000a\000t\000e\000m\000e\000n\000t\000s}{section.30}% 267
\BOOKMARK [1][-]{section.31}{\376\377\000C\000l\000i\000n\000i\000c\000i\000a\000n\000\040\000I\000n\000t\000e\000r\000f\000a\000c\000e\000\040\000a\000n\000d\000\040\000H\000u\000m\000a\000n\000\040\000F\000a\000c\000t\000o\000r\000s}{}% 268
\BOOKMARK [2][-]{subsection.31.1}{\376\377\000C\000o\000r\000e\000\040\000v\000i\000e\000w\000s}{section.31}% 269
\BOOKMARK [2][-]{subsection.31.2}{\376\377\000E\000v\000i\000d\000e\000n\000c\000e\000\040\000c\000o\000v\000e\000r\000a\000g\000e\000\040\000d\000i\000s\000p\000l\000a\000y}{section.31}% 270
\BOOKMARK [2][-]{subsection.31.3}{\376\377\000U\000n\000c\000e\000r\000t\000a\000i\000n\000t\000y\000\040\000d\000i\000s\000p\000l\000a\000y}{section.31}% 271
\BOOKMARK [2][-]{subsection.31.4}{\376\377\000E\000x\000p\000l\000a\000n\000a\000t\000i\000o\000n\000\040\000d\000i\000s\000p\000l\000a\000y}{section.31}% 272
\BOOKMARK [2][-]{subsection.31.5}{\376\377\000E\000v\000i\000d\000e\000n\000c\000e\000-\000g\000a\000p\000\040\000r\000e\000c\000o\000m\000m\000e\000n\000d\000a\000t\000i\000o\000n\000s}{section.31}% 273
\BOOKMARK [2][-]{subsection.31.6}{\376\377\000H\000u\000m\000a\000n\000\040\000o\000v\000e\000r\000s\000i\000g\000h\000t\000\040\000a\000n\000d\000\040\000e\000s\000c\000a\000l\000a\000t\000i\000o\000n}{section.31}% 274
\BOOKMARK [2][-]{subsection.31.7}{\376\377\000U\000s\000a\000b\000i\000l\000i\000t\000y\000\040\000e\000v\000a\000l\000u\000a\000t\000i\000o\000n\000\040\000p\000l\000a\000n}{section.31}% 275
\BOOKMARK [1][-]{section.32}{\376\377\000R\000e\000s\000e\000a\000r\000c\000h\000\040\000R\000i\000s\000k\000s\000\040\000a\000n\000d\000\040\000M\000i\000t\000i\000g\000a\000t\000i\000o\000n\000\040\000R\000e\000g\000i\000s\000t\000e\000r}{}% 276
\BOOKMARK [1][-]{section.33}{\376\377\000S\000u\000c\000c\000e\000s\000s\000\040\000C\000r\000i\000t\000e\000r\000i\000a}{}% 277
\BOOKMARK [2][-]{subsection.33.1}{\376\377\000S\000c\000i\000e\000n\000t\000i\000f\000i\000c\000\040\000s\000u\000c\000c\000e\000s\000s}{section.33}% 278
\BOOKMARK [2][-]{subsection.33.2}{\376\377\000S\000t\000a\000t\000i\000s\000t\000i\000c\000a\000l\000\040\000s\000u\000c\000c\000e\000s\000s}{section.33}% 279
\BOOKMARK [2][-]{subsection.33.3}{\376\377\000E\000n\000g\000i\000n\000e\000e\000r\000i\000n\000g\000\040\000s\000u\000c\000c\000e\000s\000s}{section.33}% 280
\BOOKMARK [2][-]{subsection.33.4}{\376\377\000C\000l\000i\000n\000i\000c\000a\000l\000-\000s\000a\000f\000e\000t\000y\000\040\000s\000u\000c\000c\000e\000s\000s}{section.33}% 281
\BOOKMARK [2][-]{subsection.33.5}{\376\377\000R\000e\000p\000r\000o\000d\000u\000c\000i\000b\000i\000l\000i\000t\000y\000\040\000s\000u\000c\000c\000e\000s\000s}{section.33}% 282
\BOOKMARK [2][-]{subsection.33.6}{\376\377\000P\000u\000b\000l\000i\000c\000a\000t\000i\000o\000n\000\040\000s\000u\000c\000c\000e\000s\000s}{section.33}% 283
\BOOKMARK [1][-]{section.34}{\376\377\000R\000e\000s\000o\000u\000r\000c\000e\000s\000,\000\040\000I\000n\000f\000r\000a\000s\000t\000r\000u\000c\000t\000u\000r\000e\000,\000\040\000a\000n\000d\000\040\000B\000u\000d\000g\000e\000t\000\040\000A\000s\000s\000u\000m\000p\000t\000i\000o\000n\000s}{}% 284
\BOOKMARK [2][-]{subsection.34.1}{\376\377\000C\000o\000m\000p\000u\000t\000e}{section.34}% 285
\BOOKMARK [2][-]{subsection.34.2}{\376\377\000S\000o\000f\000t\000w\000a\000r\000e}{section.34}% 286
\BOOKMARK [2][-]{subsection.34.3}{\376\377\000S\000t\000o\000r\000a\000g\000e}{section.34}% 287
\BOOKMARK [2][-]{subsection.34.4}{\376\377\000H\000u\000m\000a\000n\000\040\000e\000x\000p\000e\000r\000t\000i\000s\000e}{section.34}% 288
\BOOKMARK [2][-]{subsection.34.5}{\376\377\000E\000x\000t\000e\000r\000n\000a\000l\000\040\000s\000e\000r\000v\000i\000c\000e\000s}{section.34}% 289
\BOOKMARK [2][-]{subsection.34.6}{\376\377\000E\000x\000p\000e\000c\000t\000e\000d\000\040\000c\000o\000s\000t\000s\000\040\000a\000n\000d\000\040\000f\000r\000e\000e\000-\000r\000e\000s\000o\000u\000r\000c\000e\000\040\000s\000t\000r\000a\000t\000e\000g\000y}{section.34}% 290
\BOOKMARK [1][-]{section.35}{\376\377\000I\000m\000m\000e\000d\000i\000a\000t\000e\000\040\000A\000c\000q\000u\000i\000s\000i\000t\000i\000o\000n\000\040\000a\000n\000d\000\040\000S\000e\000t\000u\000p\000\040\000C\000h\000e\000c\000k\000l\000i\000s\000t}{}% 291
\BOOKMARK [1][-]{section.36}{\376\377\000E\000x\000p\000e\000c\000t\000e\000d\000\040\000P\000u\000b\000l\000i\000c\000a\000t\000i\000o\000n\000s\000\040\000a\000n\000d\000\040\000R\000e\000s\000e\000a\000r\000c\000h\000\040\000O\000u\000t\000p\000u\000t\000s}{}% 292
\BOOKMARK [1][-]{section.37}{\376\377\000R\000e\000f\000e\000r\000e\000n\000c\000e\000s\000\040\000a\000n\000d\000\040\000S\000o\000u\000r\000c\000e\000\040\000R\000e\000g\000i\000s\000t\000r\000y}{}% 293
\BOOKMARK [1][-]{section*.2}{\376\377\000A\000p\000p\000e\000n\000d\000i\000x\000\040\000A\000:\000\040\000E\000x\000a\000m\000p\000l\000e\000\040\000R\000e\000s\000e\000a\000r\000c\000h\000\040\000L\000o\000g\000\040\000T\000e\000m\000p\000l\000a\000t\000e}{}% 294
\BOOKMARK [1][-]{section*.3}{\376\377\000A\000p\000p\000e\000n\000d\000i\000x\000\040\000B\000:\000\040\000M\000i\000n\000i\000m\000u\000m\000\040\000M\000o\000d\000e\000l\000\040\000C\000a\000r\000d\000\040\000T\000e\000m\000p\000l\000a\000t\000e}{}% 295
\BOOKMARK [1][-]{section*.4}{\376\377\000A\000p\000p\000e\000n\000d\000i\000x\000\040\000C\000:\000\040\000R\000e\000s\000e\000a\000r\000c\000h\000\040\000P\000o\000s\000i\000t\000i\000o\000n\000\040\000S\000t\000a\000t\000e\000m\000e\000n\000t}{}% 296
